ramble-sniff — ctrl-C to stop
polling FCC1 every 60s (f9c13107 excluded — returns GATT error 133)
21:42:00.725  bluetooth powered on
21:42:00.728  scanning…
21:42:00.793  connecting to Instamic BLE…
21:42:00.793  found Instamic BLE (D272B867-19AD-C8D8-0E6D-FC83CA40385E) rssi -62
21:42:00.939  ✓ connected to Instamic BLE
21:42:30.953  ✗ disconnected
21:42:30.956  reconnecting in 1s
21:42:32.002  scanning…
21:42:32.037  connecting to Instamic BLE…
21:42:32.037  found Instamic BLE (D272B867-19AD-C8D8-0E6D-FC83CA40385E) rssi -67
21:42:32.230  ✓ connected to Instamic BLE
21:42:32.619  services: 0000FF10-0000-1000-8000-00805F9B34FB, FCC1
21:42:32.743    FCC1: F9C13101-59D4-11ED-9C9D-0800200C9A66[R] F9C13102-59D4-11ED-9C9D-0800200C9A66[R] F9C13103-59D4-11ED-9C9D-0800200C9A66[W] F9C13104-59D4-11ED-9C9D-0800200C9A66[w] F9C13105-59D4-11ED-9C9D-0800200C9A66[R] F9C13106-59D4-11ED-9C9D-0800200C9A66[W] F9C13107-59D4-11ED-9C9D-0800200C9A66[R] F9C13108-59D4-11ED-9C9D-0800200C9A66[R] F9C13109-59D4-11ED-9C9D-0800200C9A66[W]
21:42:32.743  FCC1: polling 4 readable characteristics every 60s (5 skipped)
21:42:32.800    0000FF10-0000-1000-8000-00805F9B34FB: 0000FF11-0000-1000-8000-00805F9B34FB[NRW]
21:42:32.801  subscribed to FF11 on 0000FF10-0000-1000-8000-00805F9B34FB — press the record button
21:42:32.862  cfg F9C13101  80 1B 60 C3 00 00 00 00 00 80   (10 bytes, first read)
21:42:32.920  cfg F9C13102  49 6E 73 74 61 6D 69 63   (8 bytes, first read)
21:42:32.980  cfg F9C13105  E6   (1 bytes, first read)
21:42:33.070  cfg F9C13108  80 BB 00 00 06 02 00 50 49 4E 53 00 5F 30 30 31 00 00 00 00 00 00 00 00 00 00 00 00 00 00 00 00 0C 9F F4 01 00 00 5D 7A E8 03 00 00 00 00 00 00 00 00 00 00 00 00 00 00 00 00 00 00 00 00 00 00   (64 bytes, first read)
21:42:33.221  op 02  [49 07 77 E9 C0 0C 9F 01 02]
21:42:33.249  op 02  [4F 01 01 01 04 18 02]
21:42:33.250  op 02  [4F 01 01 01 04 18 02]
21:43:15.763  op 03  [35]   ▶︎ RECORD START  (take 1)
21:43:15.764  op 04  [44 FF]
21:43:15.791  op 02  [4F 01 01 01 04 18 02]
21:43:15.792  op 02  [3A 03 4C]
21:43:18.499  op 02  [44 02]
21:43:19.578  op 03  [36]   ■ RECORD STOP   held 3.81s
21:43:31.519  op 03  [35]   ▶︎ RECORD START  (take 2)
21:43:31.520  op 04  [44 FF]
21:43:31.520  op 02  [4F 01 01 01 04 18 02]
21:43:31.549  op 02  [3A 03 4C]
21:43:33.082  cfg F9C13108  80 BB 00 00 06 03 01 50 49 4E 53 00 5F 30 30 31 00 00 00 00 00 00 00 00 00 00 00 00 00 00 00 00 0C 9F F4 01 00 00 5D 7A E8 03 00 00 00 00 00 00 00 00 00 00 00 00 00 00 00 00 00 00 00 00 00 00   Δ [5] 02→03 [6] 00→01
21:43:45.650  op 02  [44 02]
21:43:46.728  op 03  [36]   ■ RECORD STOP   held 15.21s
21:44:11.062  op 03  [35]   ▶︎ RECORD START  (take 3)
21:44:11.089  op 04  [44 FF]
21:44:11.120  op 02  [4F 01 01 01 04 18 02]
21:44:11.120  op 02  [3A 03 4C]
21:44:13.580  op 02  [44 02]
21:44:14.628  op 03  [36]   ■ RECORD STOP   held 3.57s
21:44:15.681  op 03  [35]   ▶︎ RECORD START  (take 4)
21:44:15.712  op 04  [44 FF]
21:44:15.712  op 02  [4F 01 01 01 04 18 02]
21:44:15.741  op 02  [3A 03 4C]
21:44:18.170  op 02  [44 02]
21:44:19.278  op 03  [36]   ■ RECORD STOP   held 3.60s
21:44:33.050  cfg F9C13108  80 BB 00 00 06 02 00 50 49 4E 53 00 5F 30 30 31 00 00 00 00 00 00 00 00 00 00 00 00 00 00 00 00 0C 9F F4 01 00 00 5D 7A E8 03 00 00 00 00 00 00 00 00 00 00 00 00 00 00 00 00 00 00 00 00 00 00   Δ [5] 03→02 [6] 01→00
21:45:00.080  op 03  [35]   ▶︎ RECORD START  (take 5)
21:45:00.113  op 04  [44 FF]
21:45:00.141  op 02  [4F 01 01 01 04 18 02]
21:45:00.170  op 02  [3A 03 4C]
21:45:09.531  op 02  [44 02]
21:45:10.611  op 03  [36]   ■ RECORD STOP   held 10.53s
21:46:32.933  cfg F9C13105  E2   Δ [0] E6→E2
21:48:49.196  op 03  [35]   ▶︎ RECORD START  (take 6)
21:48:49.196  op 04  [44 FF]
21:48:49.196  op 02  [4F 01 01 01 04 18 02]
21:48:49.225  op 02  [3A 03 4C]
21:48:51.942  op 02  [44 02]
21:48:53.013  op 03  [36]   ■ RECORD STOP   held 3.82s
21:49:32.914  cfg F9C13105  E6   Δ [0] E2→E6
21:50:32.914  cfg F9C13105  E2   Δ [0] E6→E2
21:50:44.047  op 03  [35]   ▶︎ RECORD START  (take 7)
21:50:44.048  op 04  [44 FF]
21:50:44.077  op 02  [4F 01 01 01 04 18 02]
21:50:44.078  op 02  [3A 03 4C]
21:50:46.806  op 02  [44 02]
21:50:47.914  op 03  [36]   ■ RECORD STOP   held 3.87s
21:51:32.916  cfg F9C13105  E6   Δ [0] E2→E6
21:51:38.706  op 03  [35]   ▶︎ RECORD START  (take 8)
21:51:38.706  op 04  [44 FF]
21:51:38.736  op 02  [4F 01 01 01 04 18 02]
21:51:38.766  op 02  [3A 03 4C]
21:51:53.709  op 02  [44 02]
21:51:54.876  op 03  [36]   ■ RECORD STOP   held 16.17s
21:51:55.567  op 03  [35]   ▶︎ RECORD START  (take 9)
21:51:55.597  op 04  [44 FF]
21:51:55.599  op 02  [4F 01 01 01 04 18 02]
21:51:55.599  op 02  [3A 03 4C]
21:52:10.568  op 02  [44 02]
